2026-05-29 17:37:59.199 +03:00 [INF] OTP cleanup service started
2026-05-29 17:37:59.328 +03:00 [ERR] Hosting failed to start
System.IO.IOException: Failed to bind to address http://127.0.0.1:5136: address already in use.
 ---> Microsoft.AspNetCore.Connections.AddressInUseException: Only one usage of each socket address (protocol/network address/port) is normally permitted.
 ---> System.Net.Sockets.SocketException (10048): Only one usage of each socket address (protocol/network address/port) is normally permitted.
   at System.Net.Sockets.Socket.UpdateStatusAfterSocketErrorAndThrowException(SocketError error, Boolean disconnectOnFailure, String callerName)
   at System.Net.Sockets.Socket.DoBind(EndPoint endPointSnapshot, SocketAddress socketAddress)
   at System.Net.Sockets.Socket.Bind(EndPoint localEP)
   at Microsoft.AspNetCore.Server.Kestrel.Transport.Sockets.SocketTransportOptions.CreateDefaultBoundListenSocket(EndPoint endpoint)
   at Microsoft.AspNetCore.Server.Kestrel.Transport.Sockets.SocketConnectionListener.Bind()
   --- End of inner exception stack trace ---
   at Microsoft.AspNetCore.Server.Kestrel.Transport.Sockets.SocketConnectionListener.Bind()
   at Microsoft.AspNetCore.Server.Kestrel.Transport.Sockets.SocketTransportFactory.BindAsync(EndPoint endpoint, CancellationToken cancellationToken)
   at Microsoft.AspNetCore.Server.Kestrel.Core.Internal.Infrastructure.TransportManager.BindAsync(EndPoint endPoint, ConnectionDelegate connectionDelegate, EndpointConfig endpointConfig, CancellationToken cancellationToken)
   at Microsoft.AspNetCore.Server.Kestrel.Core.KestrelServerImpl.<>c__DisplayClass28_0`1.<<StartAsync>g__OnBind|0>d.MoveNext()
--- End of stack trace from previous location ---
   at Microsoft.AspNetCore.Server.Kestrel.Core.Internal.AddressBinder.BindEndpointAsync(ListenOptions endpoint, AddressBindContext context, CancellationToken cancellationToken)
   --- End of inner exception stack trace ---
   at Microsoft.AspNetCore.Server.Kestrel.Core.Internal.AddressBinder.BindEndpointAsync(ListenOptions endpoint, AddressBindContext context, CancellationToken cancellationToken)
   at Microsoft.AspNetCore.Server.Kestrel.Core.LocalhostListenOptions.BindAsync(AddressBindContext context, CancellationToken cancellationToken)
   at Microsoft.AspNetCore.Server.Kestrel.Core.Internal.AddressBinder.AddressesStrategy.BindAsync(AddressBindContext context, CancellationToken cancellationToken)
   at Microsoft.AspNetCore.Server.Kestrel.Core.KestrelServerImpl.BindAsync(CancellationToken cancellationToken)
   at Microsoft.AspNetCore.Server.Kestrel.Core.KestrelServerImpl.StartAsync[TContext](IHttpApplication`1 application, CancellationToken cancellationToken)
   at Microsoft.AspNetCore.Hosting.GenericWebHostService.StartAsync(CancellationToken cancellationToken)
   at Microsoft.Extensions.Hosting.Internal.Host.<StartAsync>b__14_1(IHostedService service, CancellationToken token)
   at Microsoft.Extensions.Hosting.Internal.Host.ForeachService[T](IEnumerable`1 services, CancellationToken token, Boolean concurrent, Boolean abortOnFirstException, List`1 exceptions, Func`3 operation)
2026-05-29 17:37:59.403 +03:00 [ERR] BackgroundService failed
System.Threading.Tasks.TaskCanceledException: A task was canceled.
   at Microsoft.EntityFrameworkCore.Storage.RelationalConnection.OpenInternalAsync(Boolean errorsExpected, CancellationToken cancellationToken)
   at Microsoft.EntityFrameworkCore.Storage.RelationalConnection.OpenInternalAsync(Boolean errorsExpected, CancellationToken cancellationToken)
   at Microsoft.EntityFrameworkCore.Storage.RelationalConnection.OpenAsync(CancellationToken cancellationToken, Boolean errorsExpected)
   at Microsoft.EntityFrameworkCore.Storage.RelationalCommand.ExecuteReaderAsync(RelationalCommandParameterObject parameterObject, CancellationToken cancellationToken)
   at Microsoft.EntityFrameworkCore.Query.Internal.SingleQueryingEnumerable`1.AsyncEnumerator.InitializeReaderAsync(AsyncEnumerator enumerator, CancellationToken cancellationToken)
   at Microsoft.EntityFrameworkCore.Query.Internal.SingleQueryingEnumerable`1.AsyncEnumerator.MoveNextAsync()
   at Microsoft.EntityFrameworkCore.EntityFrameworkQueryableExtensions.ToListAsync[TSource](IQueryable`1 source, CancellationToken cancellationToken)
   at Microsoft.EntityFrameworkCore.EntityFrameworkQueryableExtensions.ToListAsync[TSource](IQueryable`1 source, CancellationToken cancellationToken)
   at Ssomero.Api.Services.OtpCleanupService.CleanupAsync(CancellationToken ct) in C:\Users\ISAAC L KABUYE\source\repos\Ssomero\Ssomero.Api\Services\OtpCleanupService.cs:line 50
   at Ssomero.Api.Services.OtpCleanupService.ExecuteAsync(CancellationToken stoppingToken) in C:\Users\ISAAC L KABUYE\source\repos\Ssomero\Ssomero.Api\Services\OtpCleanupService.cs:line 29
   at Microsoft.Extensions.Hosting.Internal.Host.TryExecuteBackgroundServiceAsync(BackgroundService backgroundService)
2026-05-29 17:37:59.413 +03:00 [FTL] The HostOptions.BackgroundServiceExceptionBehavior is configured to StopHost. A BackgroundService has thrown an unhandled exception, and the IHost instance is stopping. To avoid this behavior, configure this to Ignore; however the BackgroundService will not be restarted.
System.Threading.Tasks.TaskCanceledException: A task was canceled.
   at Microsoft.EntityFrameworkCore.Storage.RelationalConnection.OpenInternalAsync(Boolean errorsExpected, CancellationToken cancellationToken)
   at Microsoft.EntityFrameworkCore.Storage.RelationalConnection.OpenInternalAsync(Boolean errorsExpected, CancellationToken cancellationToken)
   at Microsoft.EntityFrameworkCore.Storage.RelationalConnection.OpenAsync(CancellationToken cancellationToken, Boolean errorsExpected)
   at Microsoft.EntityFrameworkCore.Storage.RelationalCommand.ExecuteReaderAsync(RelationalCommandParameterObject parameterObject, CancellationToken cancellationToken)
   at Microsoft.EntityFrameworkCore.Query.Internal.SingleQueryingEnumerable`1.AsyncEnumerator.InitializeReaderAsync(AsyncEnumerator enumerator, CancellationToken cancellationToken)
   at Microsoft.EntityFrameworkCore.Query.Internal.SingleQueryingEnumerable`1.AsyncEnumerator.MoveNextAsync()
   at Microsoft.EntityFrameworkCore.EntityFrameworkQueryableExtensions.ToListAsync[TSource](IQueryable`1 source, CancellationToken cancellationToken)
   at Microsoft.EntityFrameworkCore.EntityFrameworkQueryableExtensions.ToListAsync[TSource](IQueryable`1 source, CancellationToken cancellationToken)
   at Ssomero.Api.Services.OtpCleanupService.CleanupAsync(CancellationToken ct) in C:\Users\ISAAC L KABUYE\source\repos\Ssomero\Ssomero.Api\Services\OtpCleanupService.cs:line 50
   at Ssomero.Api.Services.OtpCleanupService.ExecuteAsync(CancellationToken stoppingToken) in C:\Users\ISAAC L KABUYE\source\repos\Ssomero\Ssomero.Api\Services\OtpCleanupService.cs:line 29
   at Microsoft.Extensions.Hosting.Internal.Host.TryExecuteBackgroundServiceAsync(BackgroundService backgroundService)
2026-05-29 17:37:59.424 +03:00 [INF] Shutdown signal received. Waiting for in-flight requests to complete...
2026-05-29 17:52:24.320 +03:00 [INF] OTP cleanup service started
2026-05-29 17:52:24.451 +03:00 [INF] Starting Hangfire Server using job storage: 'In-Memory Storage'
2026-05-29 17:52:24.455 +03:00 [INF] Using the following options for Hangfire Server:
    Worker count: 20
    Listening queues: 'default'
    Shutdown timeout: 00:00:15
    Schedule polling interval: 00:00:15
2026-05-29 17:52:24.477 +03:00 [INF] Server desktop-b8rchhq:51840:5873bea9 successfully announced in 2.4956 ms
2026-05-29 17:52:24.481 +03:00 [INF] Server desktop-b8rchhq:51840:5873bea9 is starting the registered dispatchers: ServerWatchdog, ServerJobCancellationWatcher, Worker, DelayedJobScheduler, RecurringJobScheduler...
2026-05-29 17:52:24.489 +03:00 [INF] Server desktop-b8rchhq:51840:5873bea9 all the dispatchers started
2026-05-29 18:09:51.994 +03:00 [INF] OTP cleanup service started
2026-05-29 18:09:52.139 +03:00 [INF] Starting Hangfire Server using job storage: 'In-Memory Storage'
2026-05-29 18:09:52.143 +03:00 [INF] Using the following options for Hangfire Server:
    Worker count: 20
    Listening queues: 'default'
    Shutdown timeout: 00:00:15
    Schedule polling interval: 00:00:15
2026-05-29 18:09:52.159 +03:00 [INF] Server desktop-b8rchhq:55000:c1c54560 successfully announced in 2.391 ms
2026-05-29 18:09:52.164 +03:00 [INF] Server desktop-b8rchhq:55000:c1c54560 is starting the registered dispatchers: ServerWatchdog, ServerJobCancellationWatcher, Worker, DelayedJobScheduler, RecurringJobScheduler...
2026-05-29 18:09:52.175 +03:00 [INF] Server desktop-b8rchhq:55000:c1c54560 all the dispatchers started
2026-05-29 18:39:45.398 +03:00 [INF] OTP cleanup service started
2026-05-29 18:39:45.528 +03:00 [INF] Starting Hangfire Server using job storage: 'In-Memory Storage'
2026-05-29 18:39:45.531 +03:00 [INF] Using the following options for Hangfire Server:
    Worker count: 20
    Listening queues: 'default'
    Shutdown timeout: 00:00:15
    Schedule polling interval: 00:00:15
2026-05-29 18:39:45.549 +03:00 [INF] Server desktop-b8rchhq:55288:56eb4947 successfully announced in 2.0422 ms
2026-05-29 18:39:45.553 +03:00 [INF] Server desktop-b8rchhq:55288:56eb4947 is starting the registered dispatchers: ServerWatchdog, ServerJobCancellationWatcher, Worker, DelayedJobScheduler, RecurringJobScheduler...
2026-05-29 18:39:45.563 +03:00 [INF] Server desktop-b8rchhq:55288:56eb4947 all the dispatchers started
2026-05-29 18:46:55.224 +03:00 [INF] HTTP GET /api/health responded 200 in 278.4163 ms
2026-05-29 18:48:33.063 +03:00 [INF] HTTP GET /api/health responded 200 in 12.1834 ms
2026-05-29 18:48:52.780 +03:00 [INF] HTTP GET /api/health/ready responded 200 in 262.3064 ms
2026-05-29 18:49:14.821 +03:00 [INF] HTTP GET /swagger responded 404 in 2.4048 ms
2026-05-29 18:49:44.205 +03:00 [INF] HTTP GET /swagger responded 404 in 1.6720 ms
2026-05-29 19:00:11.877 +03:00 [INF] HTTP GET /openapi/v1.json responded 200 in 738.9117 ms
2026-05-29 19:00:48.576 +03:00 [INF] HTTP GET /openapi.json responded 404 in 33.4366 ms
2026-05-29 19:01:00.337 +03:00 [INF] HTTP GET /swagger/v1/swagger.json responded 404 in 2.6339 ms
2026-05-29 19:01:10.640 +03:00 [INF] HTTP GET /swagger/index.html responded 404 in 2.1373 ms
2026-05-29 19:01:43.333 +03:00 [INF] HTTP GET /swagger/v1/swagger.json responded 404 in 2.1102 ms
