2026-05-01 11:42:20.065 +03:00 [INF] OTP cleanup service started
2026-05-01 11:42:20.389 +03:00 [WRN] The WebRootPath was not found: C:\Users\ISAAC L KABUYE\source\repos\Ssomero\Ssomero.Api\wwwroot. Static files may be unavailable.
2026-05-01 11:42:21.027 +03:00 [INF] OTP cleanup removed 1 stale record(s)
2026-05-01 11:42:21.192 +03:00 [INF] Starting Hangfire Server using job storage: 'In-Memory Storage'
2026-05-01 11:42:21.202 +03:00 [INF] Using the following options for Hangfire Server:
    Worker count: 20
    Listening queues: 'default'
    Shutdown timeout: 00:00:15
    Schedule polling interval: 00:00:15
2026-05-01 11:42:21.311 +03:00 [INF] Server desktop-b8rchhq:18788:7b7f9edc successfully announced in 7.1777 ms
2026-05-01 11:42:21.342 +03:00 [INF] Server desktop-b8rchhq:18788:7b7f9edc is starting the registered dispatchers: ServerWatchdog, ServerJobCancellationWatcher, Worker, DelayedJobScheduler, RecurringJobScheduler...
2026-05-01 11:42:21.657 +03:00 [INF] Server desktop-b8rchhq:18788:7b7f9edc all the dispatchers started
2026-05-01 11:46:48.898 +03:00 [INF] HTTP GET /api/health responded 200 in 259.3967 ms
2026-05-01 11:46:49.800 +03:00 [INF] Login attempt for admin@ssomero.com
2026-05-01 11:46:50.718 +03:00 [INF] Admin login successful for admin@ssomero.com
2026-05-01 11:46:50.840 +03:00 [INF] AUDIT POST /api/auth/login | User=anonymous | Correlation=- | Status=200 | 1202ms
2026-05-01 11:46:50.850 +03:00 [INF] HTTP POST /api/auth/login responded 200 in 1234.6080 ms
2026-05-01 11:46:53.508 +03:00 [INF] HTTP GET /api/api/admin/stats responded 404 in 102.5548 ms
2026-05-01 11:47:14.490 +03:00 [INF] HTTP GET /api/api/admin/students responded 404 in 1.8526 ms
2026-05-01 11:47:14.506 +03:00 [INF] HTTP GET /api/api/admin/lecturers responded 404 in 0.5418 ms
2026-05-01 11:47:17.546 +03:00 [INF] HTTP GET /api/api/admin/students responded 404 in 0.4471 ms
2026-05-01 11:47:17.684 +03:00 [INF] HTTP GET /api/api/admin/lecturers responded 404 in 0.4241 ms
2026-05-01 11:47:21.496 +03:00 [INF] HTTP GET /api/api/admin/lecturers responded 404 in 0.9195 ms
2026-05-01 11:47:21.525 +03:00 [INF] HTTP GET /api/api/admin/students responded 404 in 1.3833 ms
2026-05-01 11:47:26.984 +03:00 [INF] HTTP GET /api/universities/details responded 200 in 151.6614 ms
2026-05-01 11:47:39.789 +03:00 [INF] AUDIT PUT /api/universities/eaf2d516-cfe8-49b3-86b3-a83d4ca59859 | User=e0fedcf9-379e-49bb-b576-653c86eba7a6 | Correlation=- | Status=200 | 87ms
2026-05-01 11:47:39.801 +03:00 [INF] HTTP PUT /api/universities/eaf2d516-cfe8-49b3-86b3-a83d4ca59859 responded 200 in 101.4877 ms
2026-05-01 11:47:46.589 +03:00 [INF] HTTP GET /api/universities responded 200 in 21.9427 ms
2026-05-01 11:47:46.791 +03:00 [INF] HTTP GET /api/faculties/details responded 404 in 0.6312 ms
2026-05-01 11:47:51.421 +03:00 [INF] HTTP GET /api/api/admin/stats responded 404 in 0.7092 ms
2026-05-01 11:47:51.490 +03:00 [INF] HTTP GET /api/api/admin/stats responded 404 in 0.6979 ms
2026-05-01 11:48:00.756 +03:00 [INF] HTTP GET /api/faculties/details responded 404 in 0.6757 ms
2026-05-01 11:48:00.894 +03:00 [INF] HTTP GET /api/api/admin/departments responded 404 in 1.0719 ms
2026-05-01 11:48:29.201 +03:00 [INF] HTTP GET /api/api/admin/audit-logs responded 404 in 0.8089 ms
2026-05-01 11:48:32.894 +03:00 [INF] HTTP GET /api/api/admin/audit-logs responded 404 in 0.6800 ms
2026-05-01 11:48:40.261 +03:00 [INF] HTTP GET /api/api/admin/stats responded 404 in 0.5698 ms
2026-05-01 11:48:51.569 +03:00 [INF] HTTP GET /api/api/admin/stats responded 404 in 0.5757 ms
2026-05-01 11:48:51.637 +03:00 [INF] HTTP GET /api/api/admin/stats responded 404 in 0.4683 ms
2026-05-01 11:49:11.872 +03:00 [INF] HTTP GET /api/api/admin/lecturers responded 404 in 0.7533 ms
2026-05-01 11:49:11.876 +03:00 [INF] HTTP GET /api/api/admin/students responded 404 in 0.8670 ms
2026-05-01 11:49:45.595 +03:00 [INF] HTTP GET /api/health responded 200 in 1.4100 ms
2026-05-01 11:49:45.729 +03:00 [INF] Login attempt for unclezaac6@gmail.com
2026-05-01 11:49:46.581 +03:00 [INF] Student login successful for unclezaac6@gmail.com
2026-05-01 11:49:46.588 +03:00 [INF] AUDIT POST /api/auth/login | User=anonymous | Correlation=- | Status=200 | 869ms
2026-05-01 11:49:46.594 +03:00 [INF] HTTP POST /api/auth/login responded 200 in 877.0120 ms
2026-05-01 11:50:02.965 +03:00 [INF] HTTP GET /api/courses responded 200 in 153.4992 ms
2026-05-01 11:50:03.115 +03:00 [INF] HTTP GET /api/rollcall/my responded 404 in 0.4417 ms
2026-05-01 11:50:09.563 +03:00 [INF] HTTP GET /api/api/student/schedule responded 404 in 0.5253 ms
2026-05-01 11:50:09.688 +03:00 [INF] HTTP GET /api/api/student/schedule responded 404 in 0.5481 ms
2026-05-01 11:50:09.768 +03:00 [INF] HTTP GET /api/api/attendance/my-history responded 404 in 0.7368 ms
2026-05-01 11:50:09.844 +03:00 [INF] HTTP GET /api/api/attendance/my-report responded 404 in 0.5435 ms
2026-05-01 11:50:15.689 +03:00 [INF] HTTP GET /api/materials responded 404 in 0.5065 ms
2026-05-01 11:50:20.468 +03:00 [INF] HTTP GET /api/groups responded 404 in 0.4688 ms
2026-05-01 11:50:43.259 +03:00 [INF] HTTP GET /api/courses/01295a87-168d-404d-92b3-34daf00c002a responded 200 in 221.8902 ms
2026-05-01 11:50:47.078 +03:00 [INF] HTTP GET /api/api/student/schedule responded 404 in 0.4973 ms
